// Jest Snapshot v1, https://goo.gl/fbAQLP

exports[`renders correctly 1`] = `"<div class=\\"select bg-300\\"><label class=\\"text-secondary\\">label</label><select name=\\"name\\"><option value=\\"foo\\">foo</option><option value=\\"bar\\">bar</option></select></div>"`;
